==62288== Memcheck, a memory error detector
==62288== Copyright (C) 2002-2017, and GNU GPL'd, by Julian Seward et al.
==62288== Using Valgrind-3.15.0 and LibVEX; rerun with -h for copyright info
==62288== Command: ./monty bytecodes/00.m
==62288== Parent PID: 60460
==62288== 
==62288== Conditional jump or move depends on uninitialised value(s)
==62288==    at 0x109910: main (in /home/vagrant/monty/monty)
==62288== 
==62288== 
==62288== HEAP SUMMARY:
==62288==     in use at exit: 0 bytes in 0 blocks
==62288==   total heap usage: 8 allocs, 8 frees, 6,176 bytes allocated
==62288== 
==62288== All heap blocks were freed -- no leaks are possible
==62288== 
==62288== Use --track-origins=yes to see where uninitialised values come from
==62288== ERROR SUMMARY: 1 errors from 1 contexts (suppressed: 0 from 0)
==62288== 
==62288== 1 errors in context 1 of 1:
==62288== Conditional jump or move depends on uninitialised value(s)
==62288==    at 0x109910: main (in /home/vagrant/monty/monty)
==62288== 
==62288== ERROR SUMMARY: 1 errors from 1 contexts (suppressed: 0 from 0)
